<?xml version="1.0" encoding="UTF-8"?>
<TestRun id="26a56987-b991-4a08-9e56-169d612c4df3" name="mnazaire@R108P14HVVS 2017-12-15 11:57:46" runUser="SIO\mnazaire" xmlns="http://microsoft.com/schemas/VisualStudio/TeamTest/2010">
  <TestSettings name="Local" id="5ec3c499-e80f-48f0-970b-6759f4190518">
    <Description>Il s'agit des paramètres de test par défaut pour une série de tests locale.</Description>
    <Deployment enabled="false" runDeploymentRoot="mnazaire_R108P14HVVS 2017-12-15 11_57_46">
      <DeploymentItem filename="C:\VSProjetNazaire\GENCODE\GENCODE\bin\Debug\GENCODE.exe" />
    </Deployment>
    <Execution>
      <TestTypeSpecific />
      <AgentRule name="Execution Agents">
      </AgentRule>
    </Execution>
  </TestSettings>
  <Times creation="2017-12-15T11:57:46.0702111+01:00" queuing="2017-12-15T11:57:46.2264571+01:00" start="2017-12-15T11:57:46.2733309+01:00" finish="2017-12-15T11:57:46.4295769+01:00" />
  <ResultSummary outcome="Completed">
    <Counters total="1" executed="1" passed="1" error="0" failed="0" timeout="0" aborted="0" inconclusive="0" passedButRunAborted="0" notRunnable="0" notExecuted="0" disconnected="0" warning="0" completed="0" inProgress="0" pending="0" />
  </ResultSummary>
  <TestDefinitions>
    <UnitTest name="ToStringTest" storage="c:\vsprojetnazaire\gencode\testean13\bin\debug\testean13.dll" id="fc088f0c-0d88-c0a7-85e1-7f86ad18f642">
      <Execution id="6105f517-f92c-4a62-8a00-c49fec2411c8" />
      <TestMethod codeBase="C:/VSProjetNazaire/GENCODE/TestEan13/bin/Debug/TestEan13.DLL" adapterTypeName="Microsoft.VisualStudio.TestTools.TestTypes.Unit.UnitTestAdapter, Microsoft.VisualStudio.QualityTools.Tips.UnitTest.Adapter, Version=10.0.0.0, Culture=neutral, PublicKeyToken=b03f5f7f11d50a3a" className="TestEan13.Ean13Test, TestEan13, Version=1.0.0.0, Culture=neutral, PublicKeyToken=null" name="ToStringTest" />
    </UnitTest>
  </TestDefinitions>
  <TestLists>
    <TestList name="Les résultats ne figurent pas dans une liste" id="8c84fa94-04c1-424b-9868-57a2d4851a1d" />
    <TestList name="Tous les résultats chargés" id="19431567-8539-422a-85d7-44ee4e166bda" />
  </TestLists>
  <TestEntries>
    <TestEntry testId="fc088f0c-0d88-c0a7-85e1-7f86ad18f642" executionId="6105f517-f92c-4a62-8a00-c49fec2411c8" testListId="8c84fa94-04c1-424b-9868-57a2d4851a1d" />
  </TestEntries>
  <Results>
    <UnitTestResult executionId="6105f517-f92c-4a62-8a00-c49fec2411c8" testId="fc088f0c-0d88-c0a7-85e1-7f86ad18f642" testName="ToStringTest" computerName="R108P14HVVS" duration="00:00:00.0077144" startTime="2017-12-15T11:57:46.2733309+01:00" endTime="2017-12-15T11:57:46.4139523+01:00" testType="13cdc9d9-ddb5-4fa4-a97d-d965ccfc6d4b" outcome="Passed" testListId="8c84fa94-04c1-424b-9868-57a2d4851a1d" relativeResultsDirectory="6105f517-f92c-4a62-8a00-c49fec2411c8">
    </UnitTestResult>
  </Results>
</TestRun>